Microchip MPLAB XC8 Compiler V2.32

Linker command line:

-W-3 --edf=C:\Program Files\Microchip\xc8\v2.32\pic\dat\en_msgs.txt -cn \
  -h+dist/default/production\bai_2.X.production.sym \
  --cmf=dist/default/production\bai_2.X.production.cmf -z -Q16F887 \
  -oC:\Users\ssc002\AppData\Local\Temp\xcAsfvc.5 --defsym=__MPLAB_BUILD=1 \
  -Mdist/default/production/bai_2.X.production.map -E1 -ver=XC8 Compiler \
  --acfsm=1493 -ASTACK=0110h-016Fh -pstack=STACK -ACODE=00h-07FFhx4 \
  -ASTRCODE=00h-01FFFh -ASTRING=00h-0FFhx32 -ACONST=00h-0FFhx32 \
  -AENTRY=00h-0FFhx32 -ACOMMON=070h-07Fh -ABANK0=020h-06Fh \
  -ABANK1=0A0h-0EFh -ABANK2=0110h-016Fh -ABANK3=0190h-01EFh \
  -ARAM=020h-06Fh,0A0h-0EFh,0110h-016Fh,0190h-01EFh \
  -AABS1=020h-07Fh,0A0h-0EFh,0110h-016Fh,0190h-01EFh -ASFR0=00h-01Fh \
  -ASFR1=080h-09Fh -ASFR2=0100h-010Fh -ASFR3=0180h-018Fh \
  -ACONFIG=02007h-02008h -DCONFIG=2 -AIDLOC=02000h-02003h -DIDLOC=2 \
  -AEEDATA=00h-0FFh/02100h -peeprom_data=EEDATA -DEEDATA=2 -DCODE=2 \
  -DSTRCODE=2 -DSTRING=2 -DCONST=2 -DENTRY=2 \
  -preset_vec=00h,intentry,init,end_init -ppowerup=CODE -pcinit=CODE \
  -pfunctab=ENTRY -k C:\Users\ssc002\AppData\Local\Temp\xcAsfvc.o \
  dist/default/production\bai_2.X.production.o 

Object code version is 3.11

Machine type is 16F887



                Name                               Link     Load   Length Selector   Space Scale
C:\Users\ssc002\AppData\Local\Temp\xcAsfvc.o
                end_init                              0        0        3        0       0
                config                             2007     2007        2        0       4
dist/default/production\bai_2.X.production.o
                cinit                               7FC      7FC        4      FF8       0
                config                             2007     2007        2        0       4
                text7                               505      505       30      A0A       0
                text6                               56E      56E       44      ADC       0
                text5                               535      535       39      A6A       0
                text4                               60E      60E       A3      C1C       0
                text3                               4DF      4DF       26      9BE       0
                text2                               5B2      5B2       5C      B64       0
                text1                               4BC      4BC       23      978       0
                maintext                            6B1      6B1      14B      D62       0
                cstackBANK0                          20       20        5       20       1
                cstackCOMMON                         70       70        E       70       1
                strings                               3        3       A5        6       0

TOTAL           Name                               Link     Load   Length     Space
        CLASS   STACK          

        CLASS   CODE           
                end_init                              0        0        3         0
                cinit                               7FC      7FC        4         0
                text7                               505      505       30         0
                text6                               56E      56E       44         0
                text5                               535      535       39         0
                text4                               60E      60E       A3         0
                text3                               4DF      4DF       26         0
                text2                               5B2      5B2       5C         0
                text1                               4BC      4BC       23         0
                maintext                            6B1      6B1      14B         0

        CLASS   STRCODE        

        CLASS   STRING         
                strings                               3        3       A5         0

        CLASS   CONST          

        CLASS   ENTRY          

        CLASS   COMMON         
                cstackCOMMON                         70       70        E         1

        CLASS   BANK0          
                cstackBANK0                          20       20        5         1

        CLASS   BANK1          

        CLASS   BANK2          

        CLASS   BANK3          

        CLASS   RAM            

        CLASS   ABS1           
                abs_s1                               7E       7E        2         1

        CLASS   SFR0           

        CLASS   SFR1           

        CLASS   SFR2           

        CLASS   SFR3           

        CLASS   CONFIG         
                config                             2007     2007        2         4

        CLASS   IDLOC          

        CLASS   EEDATA         



SEGMENTS        Name                           Load    Length   Top    Selector   Space  Class     Delta

                reset_vec                      000000  000003  000003         0       0  CODE        2
                strings                        000003  0000A5  0000A8         6       0  STRING      2
                cstackBANK0                    000020  000005  000025        20       1  BANK0       1
                cstackCOMMON                   000070  00000E  00007E        70       1  COMMON      1
                text1                          0004BC  000023  0004DF       978       0  CODE        2
                text3                          0004DF  000026  000505       9BE       0  CODE        2
                text7                          000505  000030  000535       A0A       0  CODE        2
                text5                          000535  000039  00056E       A6A       0  CODE        2
                text6                          00056E  000044  0005B2       ADC       0  CODE        2
                text2                          0005B2  00005C  00060E       B64       0  CODE        2
                text4                          00060E  0000A3  0006B1       C1C       0  CODE        2
                maintext                       0006B1  00014B  0007FC       D62       0  CODE        2
                cinit                          0007FC  000004  000800       FF8       0  CODE        2


UNUSED ADDRESS RANGES

        Name                Unused          Largest block    Delta
        BANK0            0025-006F             4B           1
        BANK1            00A0-00EF             50           1
        BANK2            0110-016F             60           1
        BANK3            0190-01EF             60           1
        CODE             00A8-04BB            414           2
                         0800-1FFF            800
        CONST            00A8-04BB            100           2
                         0800-1FFF            100
        EEDATA           2100-21FF            100           2
        ENTRY            00A8-04BB            100           2
                         0800-1FFF            100
        IDLOC            2000-2003              4           2
        RAM              0025-006F             4B           1
                         00A0-00EF             50
                         0110-016F             60
                         0190-01EF             60
        SFR0             0000-001F             20           1
        SFR1             0080-009F             20           1
        SFR2             0100-010F             10           1
        SFR3             0180-018F             10           1
        STACK            0110-016F             60           1
        STRCODE          00A8-04BB            414           2
                         0800-1FFF           1800
        STRING           00A8-04BB            100           2
                         0800-1FFF            100

                                  Symbol Table

_RD1                     (abs)        0041
_RD2                     (abs)        0042
_RD3                     (abs)        0043
_RD4                     (abs)        0044
_RD5                     (abs)        0045
_RD6                     (abs)        0046
_RD7                     (abs)        0047
_TRISD1                  (abs)        0441
_TRISD2                  (abs)        0442
_TRISD3                  (abs)        0443
_TRISD4                  (abs)        0444
_TRISD5                  (abs)        0445
_TRISD6                  (abs)        0446
_TRISD7                  (abs)        0447
__Habs1                  abs1         0000
__Hbank0                 bank0        0000
__Hbank1                 bank1        0000
__Hbank2                 bank2        0000
__Hbank3                 bank3        0000
__Hcinit                 cinit        0800
__Hclrtext               clrtext      0000
__Hcode                  code         0000
__Hcommon                common       0000
__Hconfig                config       2009
__HcstackBANK0           cstackBANK0  0000
__HcstackCOMMON          cstackCOMMON 0000
__Heeprom_data           eeprom_data  0000
__Hend_init              end_init     0003
__Hfunctab               functab      0000
__Hinit                  init         0000
__Hintentry              intentry     0000
__Hmaintext              maintext     0000
__Hpowerup               powerup      0000
__Hram                   ram          0000
__Hreset_vec             reset_vec    0000
__Hsfr0                  sfr0         0000
__Hsfr1                  sfr1         0000
__Hsfr2                  sfr2         0000
__Hsfr3                  sfr3         0000
__Hspace_0               (abs)        0800
__Hspace_1               (abs)        007E
__Hspace_2               (abs)        0000
__Hspace_3               (abs)        0000
__Hspace_4               (abs)        4010
__Hstack                 stack        0000
__Hstrings               strings      0000
__Htext                  text         0000
__Labs1                  abs1         0000
__Lbank0                 bank0        0000
__Lbank1                 bank1        0000
__Lbank2                 bank2        0000
__Lbank3                 bank3        0000
__Lcinit                 cinit        07FC
__Lclrtext               clrtext      0000
__Lcode                  code         0000
__Lcommon                common       0000
__Lconfig                config       0000
__LcstackBANK0           cstackBANK0  0000
__LcstackCOMMON          cstackCOMMON 0000
__Leeprom_data           eeprom_data  0000
__Lend_init              end_init     0000
__Lfunctab               functab      0000
__Linit                  init         0000
__Lintentry              intentry     0000
__Lmaintext              maintext     0000
__Lpowerup               powerup      0000
__Lram                   ram          0000
__Lreset_vec             reset_vec    0000
__Lsfr0                  sfr0         0000
__Lsfr1                  sfr1         0000
__Lsfr2                  sfr2         0000
__Lsfr3                  sfr3         0000
__Lspace_0               (abs)        0000
__Lspace_1               (abs)        0000
__Lspace_2               (abs)        0000
__Lspace_3               (abs)        0000
__Lspace_4               (abs)        0000
__Lstack                 stack        0000
__Lstrings               strings      0000
__Ltext                  text         0000
__S0                     (abs)        0800
__S1                     (abs)        007E
__S2                     (abs)        0000
__S3                     (abs)        0000
___int_sp                stack        0000
___latbits               (abs)        0002
___sp                    stack        0000
___stackhi               (abs)        0000
___stacklo               (abs)        0000
__end_of__initialization cinit        07FC
__end_of__stringtab      strings      0009
__end_of_lcd_busy        text7        0535
__end_of_lcd_gotoxy      text3        0505
__end_of_lcd_init        text4        06B1
__end_of_lcd_put_byte    text5        056E
__end_of_lcd_put_nibble  text6        05B2
__end_of_lcd_putc        text2        060E
__end_of_lcd_puts        text1        04DF
__end_of_main            maintext     07FC
__end_ofmain@MSSV        strings      00A8
__end_ofmain@cgram_dat   strings      005A
__end_ofmain@dat_line1   strings      0085
__end_ofmain@dat_line2   strings      006A
__end_ofmain@dat_line3   strings      0078
__end_ofmain@dat_line4   strings      0090
__end_ofmain@dat_line5   strings      009A
__initialization         cinit        07FC
__pcstackBANK0           cstackBANK0  0020
__pcstackCOMMON          cstackCOMMON 0070
__pmaintext              maintext     06B1
__pstrings               strings      0003
__ptext1                 text1        04BC
__ptext2                 text2        05B2
__ptext3                 text3        04DF
__ptext4                 text4        060E
__ptext5                 text5        0535
__ptext6                 text6        056E
__ptext7                 text7        0505
__size_of_lcd_busy       (abs)        0000
__size_of_lcd_gotoxy     (abs)        0000
__size_of_lcd_init       (abs)        0000
__size_of_lcd_put_byte   (abs)        0000
__size_of_lcd_put_nibble (abs)        0000
__size_of_lcd_putc       (abs)        0000
__size_of_lcd_puts       (abs)        0000
__size_of_main           (abs)        0000
__stringbase             strings      0008
__stringtab              strings      0003
_lcd_busy                text7        0505
_lcd_gotoxy              text3        04DF
_lcd_init                text4        060E
_lcd_put_byte            text5        0535
_lcd_put_nibble          text6        056E
_lcd_putc                text2        05B2
_lcd_puts                text1        04BC
_main                    maintext     06B1
btemp                    (abs)        007E
end_of_initialization    cinit        07FC
intlevel0                functab      0000
intlevel1                functab      0000
intlevel2                functab      0000
intlevel3                functab      0000
intlevel4                functab      0000
intlevel5                functab      0000
lcd_busy@busy            cstackCOMMON 0071
lcd_gotoxy@address       cstackCOMMON 0079
lcd_gotoxy@col           cstackCOMMON 0078
lcd_gotoxy@row           cstackCOMMON 0076
lcd_put_byte@b           cstackCOMMON 0073
lcd_put_byte@rs          cstackCOMMON 0075
lcd_put_nibble@b         cstackCOMMON 0071
lcd_put_nibble@temp      cstackCOMMON 0072
lcd_putc@c               cstackCOMMON 007C
lcd_puts@s               cstackBANK0  0020
main@MSSV                strings      009A
main@cgram_dat           strings      0009
main@dat_line1           strings      0078
main@dat_line2           strings      005A
main@dat_line3           strings      006A
main@dat_line4           strings      0085
main@dat_line5           strings      0090
main@i                   cstackBANK0  0024
reset_vec                reset_vec    0000
start                    init         0000
start_initialization     cinit        07FC
wtemp0                   (abs)        007E


MODULE INFORMATION

Module		Function		Class		Link	Load	Size
../../../Documents/Thu vien lcd/Thu vien lcd/PIC/lcd.c
		_lcd_busy      		CODE           	0505	0000	48
		_lcd_putc      		CODE           	05B2	0000	92
		_lcd_puts      		CODE           	04BC	0000	35
		_lcd_put_byte  		CODE           	0535	0000	57
		_lcd_put_nibble		CODE           	056E	0000	68
		_lcd_gotoxy    		CODE           	04DF	0000	38
		_lcd_init      		CODE           	060E	0000	163

../../../Documents/Thu vien lcd/Thu vien lcd/PIC/lcd.c estimated size: 501

newmain.c
		_main          		CODE           	06B1	0000	331

newmain.c estimated size: 331

shared
		__stringtab    		STRING         	0003	0000	6
		main@dat_line1 		STRING         	0078	0000	13
		main@dat_line2 		STRING         	005A	0000	16
		main@dat_line3 		STRING         	006A	0000	14
		main@dat_line4 		STRING         	0085	0000	11
		main@dat_line5 		STRING         	0090	0000	10
		__initialization		CODE           	07FC	0000	1
		main@MSSV      		STRING         	009A	0000	14
		main@cgram_dat 		STRING         	0009	0000	81

shared estimated size: 166

