Microchip MPLAB XC8 Compiler V2.32

Linker command line:

-W-3 --edf=C:\Program Files\Microchip\xc8\v2.32\pic\dat\en_msgs.txt -cn \
  -h+dist/default/production\PWM_BAI_2.X.production.sym \
  --cmf=dist/default/production\PWM_BAI_2.X.production.cmf -z -Q16F887 \
  -oC:\Users\ssc002\AppData\Local\Temp\xcAsf44.4 --defsym=__MPLAB_BUILD=1 \
  -Mdist/default/production/PWM_BAI_2.X.production.map -E1 \
  -ver=XC8 Compiler --acfsm=1493 -ASTACK=0110h-016Fh -pstack=STACK \
  -ACODE=00h-07FFhx4 -ASTRCODE=00h-01FFFh -ASTRING=00h-0FFhx32 \
  -ACONST=00h-0FFhx32 -AENTRY=00h-0FFhx32 -ACOMMON=070h-07Fh \
  -ABANK0=020h-06Fh -ABANK1=0A0h-0EFh -ABANK2=0110h-016Fh \
  -ABANK3=0190h-01EFh -ARAM=020h-06Fh,0A0h-0EFh,0110h-016Fh,0190h-01EFh \
  -AABS1=020h-07Fh,0A0h-0EFh,0110h-016Fh,0190h-01EFh -ASFR0=00h-01Fh \
  -ASFR1=080h-09Fh -ASFR2=0100h-010Fh -ASFR3=0180h-018Fh \
  -ACONFIG=02007h-02008h -DCONFIG=2 -AIDLOC=02000h-02003h -DIDLOC=2 \
  -AEEDATA=00h-0FFh/02100h -peeprom_data=EEDATA -DEEDATA=2 -DCODE=2 \
  -DSTRCODE=2 -DSTRING=2 -DCONST=2 -DENTRY=2 \
  -preset_vec=00h,intentry,init,end_init -ppowerup=CODE -pcinit=CODE \
  -pfunctab=ENTRY -k C:\Users\ssc002\AppData\Local\Temp\xcAsf44.o \
  dist/default/production\PWM_BAI_2.X.production.o 

Object code version is 3.11

Machine type is 16F887



                Name                               Link     Load   Length Selector   Space Scale
C:\Users\ssc002\AppData\Local\Temp\xcAsf44.o
                end_init                              0        0        3        0       0
                config                             2007     2007        2        0       4
dist/default/production\PWM_BAI_2.X.production.o
                cinit                               7FC      7FC        4      FF8       0
                config                             2007     2007        2        0       4
                text15                              472      472       1E      8E4       0
                text14                              490      490       1E      920       0
                text13                              539      539       30      A72       0
                text12                              5A2      5A2       44      B44       0
                text11                              569      569       39      AD2       0
                text10                              759      759       A3      EB2       0
                text9                               513      513       26      A26       0
                text8                               67E      67E       5C      CFC       0
                text7                               4F0      4F0       23      9E0       0
                text6                               4AE      4AE       21      95C       0
                text5                               4CF      4CF       21      99E       0
                text4                               5E6      5E6       47      BCC       0
                text3                               455      455       1D      8AA       0
                text2                               6DA      6DA       7F      DB4       0
                text1                               444      444       11      888       0
                maintext                            62D      62D       51      C5A       0
                cstackBANK0                          20       20        4       20       1
                cstackCOMMON                         70       70        E       70       1
                strings                               3        3       62        6       0

TOTAL           Name                               Link     Load   Length     Space
        CLASS   STACK          

        CLASS   CODE           
                end_init                              0        0        3         0
                cinit                               7FC      7FC        4         0
                text15                              472      472       1E         0
                text14                              490      490       1E         0
                text13                              539      539       30         0
                text12                              5A2      5A2       44         0
                text11                              569      569       39         0
                text10                              759      759       A3         0
                text9                               513      513       26         0
                text8                               67E      67E       5C         0
                text7                               4F0      4F0       23         0
                text6                               4AE      4AE       21         0
                text5                               4CF      4CF       21         0
                text4                               5E6      5E6       47         0
                text3                               455      455       1D         0
                text2                               6DA      6DA       7F         0
                text1                               444      444       11         0
                maintext                            62D      62D       51         0

        CLASS   STRCODE        

        CLASS   STRING         
                strings                               3        3       62         0

        CLASS   CONST          

        CLASS   ENTRY          

        CLASS   COMMON         
                cstackCOMMON                         70       70        E         1

        CLASS   BANK0          
                cstackBANK0                          20       20        4         1

        CLASS   BANK1          

        CLASS   BANK2          

        CLASS   BANK3          

        CLASS   RAM            

        CLASS   ABS1           
                abs_s1                               7E       7E        2         1

        CLASS   SFR0           

        CLASS   SFR1           

        CLASS   SFR2           

        CLASS   SFR3           

        CLASS   CONFIG         
                config                             2007     2007        2         4

        CLASS   IDLOC          

        CLASS   EEDATA         



SEGMENTS        Name                           Load    Length   Top    Selector   Space  Class     Delta

                reset_vec                      000000  000003  000003         0       0  CODE        2
                strings                        000003  000062  000065         6       0  STRING      2
                cstackBANK0                    000020  000004  000024        20       1  BANK0       1
                cstackCOMMON                   000070  00000E  00007E        70       1  COMMON      1
                text1                          000444  000011  000455       888       0  CODE        2
                text3                          000455  00001D  000472       8AA       0  CODE        2
                text15                         000472  00001E  000490       8E4       0  CODE        2
                text14                         000490  00001E  0004AE       920       0  CODE        2
                text6                          0004AE  000021  0004CF       95C       0  CODE        2
                text5                          0004CF  000021  0004F0       99E       0  CODE        2
                text7                          0004F0  000023  000513       9E0       0  CODE        2
                text9                          000513  000026  000539       A26       0  CODE        2
                text13                         000539  000030  000569       A72       0  CODE        2
                text11                         000569  000039  0005A2       AD2       0  CODE        2
                text12                         0005A2  000044  0005E6       B44       0  CODE        2
                text4                          0005E6  000047  00062D       BCC       0  CODE        2
                maintext                       00062D  000051  00067E       C5A       0  CODE        2
                text8                          00067E  00005C  0006DA       CFC       0  CODE        2
                text2                          0006DA  00007F  000759       DB4       0  CODE        2
                text10                         000759  0000A3  0007FC       EB2       0  CODE        2
                cinit                          0007FC  000004  000800       FF8       0  CODE        2


UNUSED ADDRESS RANGES

        Name                Unused          Largest block    Delta
        BANK0            0024-006F             4C           1
        BANK1            00A0-00EF             50           1
        BANK2            0110-016F             60           1
        BANK3            0190-01EF             60           1
        CODE             0065-0443            3DF           2
                         0800-1FFF            800
        CONST            0065-0443            100           2
                         0800-1FFF            100
        EEDATA           2100-21FF            100           2
        ENTRY            0065-0443            100           2
                         0800-1FFF            100
        IDLOC            2000-2003              4           2
        RAM              0024-006F             4C           1
                         00A0-00EF             50
                         0110-016F             60
                         0190-01EF             60
        SFR0             0000-001F             20           1
        SFR1             0080-009F             20           1
        SFR2             0100-010F             10           1
        SFR3             0180-018F             10           1
        STACK            0110-016F             60           1
        STRCODE          0065-0443            3DF           2
                         0800-1FFF           1800
        STRING           0065-0443            100           2
                         0800-1FFF            100

                                  Symbol Table

?_getLengthArr                       cstackCOMMON 0070
_ANSEL                               (abs)        0188
_ANSELH                              (abs)        0189
_CCP1CON                             (abs)        0017
_CCP2CON                             (abs)        001D
_CCPR1L                              (abs)        0015
_CCPR2L                              (abs)        001B
_DC1B0                               (abs)        00BC
_DC1B1                               (abs)        00BD
_DC2B0                               (abs)        00EC
_DC2B1                               (abs)        00ED
_PR2                                 (abs)        0092
_RB0                                 (abs)        0030
_RB1                                 (abs)        0031
_RB2                                 (abs)        0032
_RD1                                 (abs)        0041
_RD2                                 (abs)        0042
_RD3                                 (abs)        0043
_RD4                                 (abs)        0044
_RD5                                 (abs)        0045
_RD6                                 (abs)        0046
_RD7                                 (abs)        0047
_RE0                                 (abs)        0048
_T2CKPS0                             (abs)        0090
_T2CKPS1                             (abs)        0091
_T2CON                               (abs)        0012
_TMR2                                (abs)        0011
_TMR2ON                              (abs)        0092
_TRISB0                              (abs)        0430
_TRISB1                              (abs)        0431
_TRISB2                              (abs)        0432
_TRISC1                              (abs)        0439
_TRISC2                              (abs)        043A
_TRISD1                              (abs)        0441
_TRISD2                              (abs)        0442
_TRISD3                              (abs)        0443
_TRISD4                              (abs)        0444
_TRISD5                              (abs)        0445
_TRISD6                              (abs)        0446
_TRISD7                              (abs)        0447
_TRISE0                              (abs)        0448
_WPUB                                (abs)        0095
__Habs1                              abs1         0000
__Hbank0                             bank0        0000
__Hbank1                             bank1        0000
__Hbank2                             bank2        0000
__Hbank3                             bank3        0000
__Hcinit                             cinit        0800
__Hclrtext                           clrtext      0000
__Hcode                              code         0000
__Hcommon                            common       0000
__Hconfig                            config       2009
__HcstackBANK0                       cstackBANK0  0000
__HcstackCOMMON                      cstackCOMMON 0000
__Heeprom_data                       eeprom_data  0000
__Hend_init                          end_init     0003
__Hfunctab                           functab      0000
__Hinit                              init         0000
__Hintentry                          intentry     0000
__Hmaintext                          maintext     0000
__Hpowerup                           powerup      0000
__Hram                               ram          0000
__Hreset_vec                         reset_vec    0000
__Hsfr0                              sfr0         0000
__Hsfr1                              sfr1         0000
__Hsfr2                              sfr2         0000
__Hsfr3                              sfr3         0000
__Hspace_0                           (abs)        0800
__Hspace_1                           (abs)        007E
__Hspace_2                           (abs)        0000
__Hspace_3                           (abs)        0000
__Hspace_4                           (abs)        4010
__Hstack                             stack        0000
__Hstrings                           strings      0000
__Htext                              text         0000
__Labs1                              abs1         0000
__Lbank0                             bank0        0000
__Lbank1                             bank1        0000
__Lbank2                             bank2        0000
__Lbank3                             bank3        0000
__Lcinit                             cinit        07FC
__Lclrtext                           clrtext      0000
__Lcode                              code         0000
__Lcommon                            common       0000
__Lconfig                            config       0000
__LcstackBANK0                       cstackBANK0  0000
__LcstackCOMMON                      cstackCOMMON 0000
__Leeprom_data                       eeprom_data  0000
__Lend_init                          end_init     0000
__Lfunctab                           functab      0000
__Linit                              init         0000
__Lintentry                          intentry     0000
__Lmaintext                          maintext     0000
__Lpowerup                           powerup      0000
__Lram                               ram          0000
__Lreset_vec                         reset_vec    0000
__Lsfr0                              sfr0         0000
__Lsfr1                              sfr1         0000
__Lsfr2                              sfr2         0000
__Lsfr3                              sfr3         0000
__Lspace_0                           (abs)        0000
__Lspace_1                           (abs)        0000
__Lspace_2                           (abs)        0000
__Lspace_3                           (abs)        0000
__Lspace_4                           (abs)        0000
__Lstack                             stack        0000
__Lstrings                           strings      0000
__Ltext                              text         0000
__S0                                 (abs)        0800
__S1                                 (abs)        007E
__S2                                 (abs)        0000
__S3                                 (abs)        0000
___int_sp                            stack        0000
___latbits                           (abs)        0002
___sp                                stack        0000
___stackhi                           (abs)        0000
___stacklo                           (abs)        0000
__end_of__initialization             cinit        07FC
__end_of__stringtab                  strings      0009
__end_of_addCharSpecial              text4        062D
__end_of_configPwm_1                 text15       0490
__end_of_configPwm_2                 text14       04AE
__end_of_contentConfigPwm_1          text6        04CF
__end_of_contentConfigPwm_2          text5        04F0
__end_of_contentStop                 text2        0759
__end_of_declarePort                 text1        0455
__end_of_getLengthArr                text3        0472
__end_of_lcd_busy                    text13       0569
__end_of_lcd_gotoxy                  text9        0539
__end_of_lcd_init                    text10       07FC
__end_of_lcd_put_byte                text11       05A2
__end_of_lcd_put_nibble              text12       05E6
__end_of_lcd_putc                    text8        06DA
__end_of_lcd_puts                    text7        0513
__end_of_main                        maintext     067E
__end_ofcontentStop@bye              strings      004B
__end_ofcontentStop@special_name_bye strings      0032
__end_ofcontentStop@your_name        strings      0042
__initialization                     cinit        07FC
__pcstackBANK0                       cstackBANK0  0020
__pcstackCOMMON                      cstackCOMMON 0070
__pmaintext                          maintext     062D
__pstrings                           strings      0003
__ptext1                             text1        0444
__ptext10                            text10       0759
__ptext11                            text11       0569
__ptext12                            text12       05A2
__ptext13                            text13       0539
__ptext14                            text14       0490
__ptext15                            text15       0472
__ptext2                             text2        06DA
__ptext3                             text3        0455
__ptext4                             text4        05E6
__ptext5                             text5        04CF
__ptext6                             text6        04AE
__ptext7                             text7        04F0
__ptext8                             text8        067E
__ptext9                             text9        0513
__size_of_addCharSpecial             (abs)        0000
__size_of_configPwm_1                (abs)        0000
__size_of_configPwm_2                (abs)        0000
__size_of_contentConfigPwm_1         (abs)        0000
__size_of_contentConfigPwm_2         (abs)        0000
__size_of_contentStop                (abs)        0000
__size_of_declarePort                (abs)        0000
__size_of_getLengthArr               (abs)        0000
__size_of_lcd_busy                   (abs)        0000
__size_of_lcd_gotoxy                 (abs)        0000
__size_of_lcd_init                   (abs)        0000
__size_of_lcd_put_byte               (abs)        0000
__size_of_lcd_put_nibble             (abs)        0000
__size_of_lcd_putc                   (abs)        0000
__size_of_lcd_puts                   (abs)        0000
__size_of_main                       (abs)        0000
__stringbase                         strings      0008
__stringtab                          strings      0003
_addCharSpecial                      text4        05E6
_configPwm_1                         text15       0472
_configPwm_2                         text14       0490
_contentConfigPwm_1                  text6        04AE
_contentConfigPwm_2                  text5        04CF
_contentStop                         text2        06DA
_declarePort                         text1        0444
_getLengthArr                        text3        0455
_lcd_busy                            text13       0539
_lcd_gotoxy                          text9        0513
_lcd_init                            text10       0759
_lcd_put_byte                        text11       0569
_lcd_put_nibble                      text12       05A2
_lcd_putc                            text8        067E
_lcd_puts                            text7        04F0
_main                                maintext     062D
_nRBPU                               (abs)        040F
addCharSpecial@character             cstackCOMMON 0079
addCharSpecial@i                     cstackCOMMON 0077
btemp                                (abs)        007E
contentStop@bye                      strings      0042
contentStop@i                        cstackBANK0  0022
contentStop@length                   cstackBANK0  0020
contentStop@special_name_bye         strings      0009
contentStop@your_name                strings      0032
end_of_initialization                cinit        07FC
getLengthArr@character               cstackCOMMON 0072
getLengthArr@i                       cstackCOMMON 0073
intlevel0                            functab      0000
intlevel1                            functab      0000
intlevel2                            functab      0000
intlevel3                            functab      0000
intlevel4                            functab      0000
intlevel5                            functab      0000
lcd_busy@busy                        cstackCOMMON 0071
lcd_gotoxy@address                   cstackCOMMON 0079
lcd_gotoxy@col                       cstackCOMMON 0078
lcd_gotoxy@row                       cstackCOMMON 0076
lcd_put_byte@b                       cstackCOMMON 0073
lcd_put_byte@rs                      cstackCOMMON 0075
lcd_put_nibble@b                     cstackCOMMON 0071
lcd_put_nibble@temp                  cstackCOMMON 0072
lcd_putc@c                           cstackCOMMON 007C
lcd_puts@s                           cstackBANK0  0020
reset_vec                            reset_vec    0000
start                                init         0000
start_initialization                 cinit        07FC
wtemp0                               (abs)        007E


MODULE INFORMATION

Module		Function		Class		Link	Load	Size
shared
		contentStop@your_name		STRING         	0032	0000	16
		__stringtab    		STRING         	0003	0000	6
		__initialization		CODE           	07FC	0000	1
		contentStop@bye		STRING         	0042	0000	9
		contentStop@special_name_bye		STRING         	0009	0000	41

shared estimated size: 73

bai_2.c
		_getLengthArr  		CODE           	0455	0000	29
		_contentStop   		CODE           	06DA	0000	127
		_declarePort   		CODE           	0444	0000	17
		_addCharSpecial		CODE           	05E6	0000	71
		_main          		CODE           	062D	0000	81
		_contentConfigPwm_1		CODE           	04AE	0000	33
		_contentConfigPwm_2		CODE           	04CF	0000	33
		_configPwm_1   		CODE           	0472	0000	30
		_configPwm_2   		CODE           	0490	0000	30

bai_2.c estimated size: 451

lcd.c
		_lcd_busy      		CODE           	0539	0000	48
		_lcd_putc      		CODE           	067E	0000	92
		_lcd_puts      		CODE           	04F0	0000	35
		_lcd_put_byte  		CODE           	0569	0000	57
		_lcd_put_nibble		CODE           	05A2	0000	68
		_lcd_gotoxy    		CODE           	0513	0000	38
		_lcd_init      		CODE           	0759	0000	163

lcd.c estimated size: 501

