Microchip MPLAB XC8 Compiler V2.32

Linker command line:

-W-3 --edf=C:\Program Files\Microchip\xc8\v2.32\pic\dat\en_msgs.txt -cn \
  -h+dist/default/production\bai_3.X.production.sym \
  --cmf=dist/default/production\bai_3.X.production.cmf -z -Q16F887 \
  -oC:\Users\ssc002\AppData\Local\Temp\xcAs6ns.5 --defsym=__MPLAB_BUILD=1 \
  -Mdist/default/production/bai_3.X.production.map -E1 -ver=XC8 Compiler \
  --acfsm=1493 -ASTACK=0110h-016Fh -pstack=STACK -ACODE=00h-07FFhx4 \
  -ASTRCODE=00h-01FFFh -ASTRING=00h-0FFhx32 -ACONST=00h-0FFhx32 \
  -AENTRY=00h-0FFhx32 -ACOMMON=070h-07Fh -ABANK0=020h-06Fh \
  -ABANK1=0A0h-0EFh -ABANK2=0110h-016Fh -ABANK3=0190h-01EFh \
  -ARAM=020h-06Fh,0A0h-0EFh,0110h-016Fh,0190h-01EFh \
  -AABS1=020h-07Fh,0A0h-0EFh,0110h-016Fh,0190h-01EFh -ASFR0=00h-01Fh \
  -ASFR1=080h-09Fh -ASFR2=0100h-010Fh -ASFR3=0180h-018Fh \
  -ACONFIG=02007h-02008h -DCONFIG=2 -AIDLOC=02000h-02003h -DIDLOC=2 \
  -AEEDATA=00h-0FFh/02100h -peeprom_data=EEDATA -DEEDATA=2 -DCODE=2 \
  -DSTRCODE=2 -DSTRING=2 -DCONST=2 -DENTRY=2 \
  -preset_vec=00h,intentry,init,end_init -ppowerup=CODE -pcinit=CODE \
  -pfunctab=ENTRY -k C:\Users\ssc002\AppData\Local\Temp\xcAs6ns.o \
  dist/default/production\bai_3.X.production.o 

Object code version is 3.11

Machine type is 16F887



                Name                               Link     Load   Length Selector   Space Scale
C:\Users\ssc002\AppData\Local\Temp\xcAs6ns.o
                end_init                              0        0        3        0       0
                config                             2007     2007        2        0       4
dist/default/production\bai_3.X.production.o
                cinit                               7FC      7FC        4      FF8       0
                config                             2007     2007        2        0       4
                text11                              559      559       44      AB2       0
                text10                              520      520       39      A40       0
                text9                               459      459        B      8B2       0
                text8                               46F      46F       1C      8DE       0
                text7                               464      464        B      8C8       0
                text6                               48B      48B       1C      916       0
                text5                               4F0      4F0       30      9E0       0
                text4                               5F9      5F9       A3      BF2       0
                text3                               4CA      4CA       26      994       0
                text2                               59D      59D       5C      B3A       0
                text1                               4A7      4A7       23      94E       0
                maintext                            69C      69C      160      D38       0
                cstackBANK0                          20       20        7       20       1
                cstackCOMMON                         70       70        E       70       1
                strings                               3        3       A5        6       0

TOTAL           Name                               Link     Load   Length     Space
        CLASS   STACK          

        CLASS   CODE           
                end_init                              0        0        3         0
                cinit                               7FC      7FC        4         0
                text11                              559      559       44         0
                text10                              520      520       39         0
                text9                               459      459        B         0
                text8                               46F      46F       1C         0
                text7                               464      464        B         0
                text6                               48B      48B       1C         0
                text5                               4F0      4F0       30         0
                text4                               5F9      5F9       A3         0
                text3                               4CA      4CA       26         0
                text2                               59D      59D       5C         0
                text1                               4A7      4A7       23         0
                maintext                            69C      69C      160         0

        CLASS   STRCODE        

        CLASS   STRING         
                strings                               3        3       A5         0

        CLASS   CONST          

        CLASS   ENTRY          

        CLASS   COMMON         
                cstackCOMMON                         70       70        E         1

        CLASS   BANK0          
                cstackBANK0                          20       20        7         1

        CLASS   BANK1          

        CLASS   BANK2          

        CLASS   BANK3          

        CLASS   RAM            

        CLASS   ABS1           
                abs_s1                               7E       7E        2         1

        CLASS   SFR0           

        CLASS   SFR1           

        CLASS   SFR2           

        CLASS   SFR3           

        CLASS   CONFIG         
                config                             2007     2007        2         4

        CLASS   IDLOC          

        CLASS   EEDATA         



SEGMENTS        Name                           Load    Length   Top    Selector   Space  Class     Delta

                reset_vec                      000000  000003  000003         0       0  CODE        2
                strings                        000003  0000A5  0000A8         6       0  STRING      2
                cstackBANK0                    000020  000007  000027        20       1  BANK0       1
                cstackCOMMON                   000070  00000E  00007E        70       1  COMMON      1
                text9                          000459  00000B  000464       8B2       0  CODE        2
                text7                          000464  00000B  00046F       8C8       0  CODE        2
                text8                          00046F  00001C  00048B       8DE       0  CODE        2
                text6                          00048B  00001C  0004A7       916       0  CODE        2
                text1                          0004A7  000023  0004CA       94E       0  CODE        2
                text3                          0004CA  000026  0004F0       994       0  CODE        2
                text5                          0004F0  000030  000520       9E0       0  CODE        2
                text10                         000520  000039  000559       A40       0  CODE        2
                text11                         000559  000044  00059D       AB2       0  CODE        2
                text2                          00059D  00005C  0005F9       B3A       0  CODE        2
                text4                          0005F9  0000A3  00069C       BF2       0  CODE        2
                maintext                       00069C  000160  0007FC       D38       0  CODE        2
                cinit                          0007FC  000004  000800       FF8       0  CODE        2


UNUSED ADDRESS RANGES

        Name                Unused          Largest block    Delta
        BANK0            0027-006F             49           1
        BANK1            00A0-00EF             50           1
        BANK2            0110-016F             60           1
        BANK3            0190-01EF             60           1
        CODE             00A8-0458            3B1           2
                         0800-1FFF            800
        CONST            00A8-0458            100           2
                         0800-1FFF            100
        EEDATA           2100-21FF            100           2
        ENTRY            00A8-0458            100           2
                         0800-1FFF            100
        IDLOC            2000-2003              4           2
        RAM              0027-006F             49           1
                         00A0-00EF             50
                         0110-016F             60
                         0190-01EF             60
        SFR0             0000-001F             20           1
        SFR1             0080-009F             20           1
        SFR2             0100-010F             10           1
        SFR3             0180-018F             10           1
        STACK            0110-016F             60           1
        STRCODE          00A8-0458            3B1           2
                         0800-1FFF           1800
        STRING           00A8-0458            100           2
                         0800-1FFF            100

                                  Symbol Table

_RD1                     (abs)        0041
_RD2                     (abs)        0042
_RD3                     (abs)        0043
_RD4                     (abs)        0044
_RD5                     (abs)        0045
_RD6                     (abs)        0046
_RD7                     (abs)        0047
_TRISD1                  (abs)        0441
_TRISD2                  (abs)        0442
_TRISD3                  (abs)        0443
_TRISD4                  (abs)        0444
_TRISD5                  (abs)        0445
_TRISD6                  (abs)        0446
_TRISD7                  (abs)        0447
__Habs1                  abs1         0000
__Hbank0                 bank0        0000
__Hbank1                 bank1        0000
__Hbank2                 bank2        0000
__Hbank3                 bank3        0000
__Hcinit                 cinit        0800
__Hclrtext               clrtext      0000
__Hcode                  code         0000
__Hcommon                common       0000
__Hconfig                config       2009
__HcstackBANK0           cstackBANK0  0000
__HcstackCOMMON          cstackCOMMON 0000
__Heeprom_data           eeprom_data  0000
__Hend_init              end_init     0003
__Hfunctab               functab      0000
__Hinit                  init         0000
__Hintentry              intentry     0000
__Hmaintext              maintext     0000
__Hpowerup               powerup      0000
__Hram                   ram          0000
__Hreset_vec             reset_vec    0000
__Hsfr0                  sfr0         0000
__Hsfr1                  sfr1         0000
__Hsfr2                  sfr2         0000
__Hsfr3                  sfr3         0000
__Hspace_0               (abs)        0800
__Hspace_1               (abs)        007E
__Hspace_2               (abs)        0000
__Hspace_3               (abs)        0000
__Hspace_4               (abs)        4010
__Hstack                 stack        0000
__Hstrings               strings      0000
__Htext                  text         0000
__Labs1                  abs1         0000
__Lbank0                 bank0        0000
__Lbank1                 bank1        0000
__Lbank2                 bank2        0000
__Lbank3                 bank3        0000
__Lcinit                 cinit        07FC
__Lclrtext               clrtext      0000
__Lcode                  code         0000
__Lcommon                common       0000
__Lconfig                config       0000
__LcstackBANK0           cstackBANK0  0000
__LcstackCOMMON          cstackCOMMON 0000
__Leeprom_data           eeprom_data  0000
__Lend_init              end_init     0000
__Lfunctab               functab      0000
__Linit                  init         0000
__Lintentry              intentry     0000
__Lmaintext              maintext     0000
__Lpowerup               powerup      0000
__Lram                   ram          0000
__Lreset_vec             reset_vec    0000
__Lsfr0                  sfr0         0000
__Lsfr1                  sfr1         0000
__Lsfr2                  sfr2         0000
__Lsfr3                  sfr3         0000
__Lspace_0               (abs)        0000
__Lspace_1               (abs)        0000
__Lspace_2               (abs)        0000
__Lspace_3               (abs)        0000
__Lspace_4               (abs)        0000
__Lstack                 stack        0000
__Lstrings               strings      0000
__Ltext                  text         0000
__S0                     (abs)        0800
__S1                     (abs)        007E
__S2                     (abs)        0000
__S3                     (abs)        0000
___int_sp                stack        0000
___latbits               (abs)        0002
___sp                    stack        0000
___stackhi               (abs)        0000
___stacklo               (abs)        0000
__end_of__initialization cinit        07FC
__end_of__stringtab      strings      0009
__end_of_lcd_MoveLeft    text8        048B
__end_of_lcd_MoveRight   text6        04A7
__end_of_lcd_ShiftLeft   text9        0464
__end_of_lcd_ShiftRight  text7        046F
__end_of_lcd_busy        text5        0520
__end_of_lcd_gotoxy      text3        04F0
__end_of_lcd_init        text4        069C
__end_of_lcd_put_byte    text10       0559
__end_of_lcd_put_nibble  text11       059D
__end_of_lcd_putc        text2        05F9
__end_of_lcd_puts        text1        04CA
__end_of_main            maintext     07FC
__end_ofmain@MSSV        strings      00A8
__end_ofmain@cgram_dat   strings      005A
__end_ofmain@dat_line1   strings      0085
__end_ofmain@dat_line2   strings      006A
__end_ofmain@dat_line3   strings      0078
__end_ofmain@dat_line4   strings      0090
__end_ofmain@dat_line5   strings      009A
__initialization         cinit        07FC
__pcstackBANK0           cstackBANK0  0020
__pcstackCOMMON          cstackCOMMON 0070
__pmaintext              maintext     069C
__pstrings               strings      0003
__ptext1                 text1        04A7
__ptext10                text10       0520
__ptext11                text11       0559
__ptext2                 text2        059D
__ptext3                 text3        04CA
__ptext4                 text4        05F9
__ptext5                 text5        04F0
__ptext6                 text6        048B
__ptext7                 text7        0464
__ptext8                 text8        046F
__ptext9                 text9        0459
__size_of_lcd_MoveLeft   (abs)        0000
__size_of_lcd_MoveRight  (abs)        0000
__size_of_lcd_ShiftLeft  (abs)        0000
__size_of_lcd_ShiftRight (abs)        0000
__size_of_lcd_busy       (abs)        0000
__size_of_lcd_gotoxy     (abs)        0000
__size_of_lcd_init       (abs)        0000
__size_of_lcd_put_byte   (abs)        0000
__size_of_lcd_put_nibble (abs)        0000
__size_of_lcd_putc       (abs)        0000
__size_of_lcd_puts       (abs)        0000
__size_of_main           (abs)        0000
__stringbase             strings      0008
__stringtab              strings      0003
_lcd_MoveLeft            text8        046F
_lcd_MoveRight           text6        048B
_lcd_ShiftLeft           text9        0459
_lcd_ShiftRight          text7        0464
_lcd_busy                text5        04F0
_lcd_gotoxy              text3        04CA
_lcd_init                text4        05F9
_lcd_put_byte            text10       0520
_lcd_put_nibble          text11       0559
_lcd_putc                text2        059D
_lcd_puts                text1        04A7
_main                    maintext     069C
btemp                    (abs)        007E
end_of_initialization    cinit        07FC
intlevel0                functab      0000
intlevel1                functab      0000
intlevel2                functab      0000
intlevel3                functab      0000
intlevel4                functab      0000
intlevel5                functab      0000
lcd_MoveLeft@i           cstackCOMMON 007A
lcd_MoveLeft@p           cstackCOMMON 0079
lcd_MoveRight@i          cstackCOMMON 007A
lcd_MoveRight@p          cstackCOMMON 0079
lcd_busy@busy            cstackCOMMON 0071
lcd_gotoxy@address       cstackCOMMON 0079
lcd_gotoxy@col           cstackCOMMON 0078
lcd_gotoxy@row           cstackCOMMON 0076
lcd_put_byte@b           cstackCOMMON 0073
lcd_put_byte@rs          cstackCOMMON 0075
lcd_put_nibble@b         cstackCOMMON 0071
lcd_put_nibble@temp      cstackCOMMON 0072
lcd_putc@c               cstackCOMMON 007C
lcd_puts@s               cstackBANK0  0020
main@MSSV                strings      009A
main@cgram_dat           strings      0009
main@dat_line1           strings      0078
main@dat_line2           strings      005A
main@dat_line3           strings      006A
main@dat_line4           strings      0085
main@dat_line5           strings      0090
main@i                   cstackBANK0  0026
main@times               cstackBANK0  0024
reset_vec                reset_vec    0000
start                    init         0000
start_initialization     cinit        07FC
wtemp0                   (abs)        007E


MODULE INFORMATION

Module		Function		Class		Link	Load	Size
newmain.c
		_main          		CODE           	069C	0000	352

newmain.c estimated size: 352

shared
		__stringtab    		STRING         	0003	0000	6
		main@dat_line1 		STRING         	0078	0000	13
		main@dat_line2 		STRING         	005A	0000	16
		main@dat_line3 		STRING         	006A	0000	14
		main@dat_line4 		STRING         	0085	0000	11
		main@dat_line5 		STRING         	0090	0000	10
		__initialization		CODE           	07FC	0000	1
		main@MSSV      		STRING         	009A	0000	14
		main@cgram_dat 		STRING         	0009	0000	81

shared estimated size: 166

lcd.c
		_lcd_busy      		CODE           	04F0	0000	48
		_lcd_putc      		CODE           	059D	0000	92
		_lcd_puts      		CODE           	04A7	0000	35
		_lcd_put_byte  		CODE           	0520	0000	57
		_lcd_ShiftLeft 		CODE           	0459	0000	11
		_lcd_ShiftRight		CODE           	0464	0000	11
		_lcd_put_nibble		CODE           	0559	0000	68
		_lcd_MoveLeft  		CODE           	046F	0000	28
		_lcd_gotoxy    		CODE           	04CA	0000	38
		_lcd_MoveRight 		CODE           	048B	0000	28
		_lcd_init      		CODE           	05F9	0000	163

lcd.c estimated size: 579

